Reading netlist file: "E:\FPGA_PD\impl\gwsynthesis\pendulum_fpga.vg"
Parsing netlist file "E:\FPGA_PD\impl\gwsynthesis\pendulum_fpga.vg" completed
Processing netlist completed
Reading constraint file: "E:\FPGA_PD\src\pendulum_fpga.cst"
Physical Constraint parsed completed
Running placement......
[10%] Placement Phase 0 completed
[20%] Placement Phase 1 completed
[30%] Placement Phase 2 completed
[50%] Placement Phase 3 completed
Running routing......
[60%] Routing Phase 0 completed
[70%] Routing Phase 1 completed
[80%] Routing Phase 2 completed
[90%] Routing Phase 3 completed
Running timing analysis......
[95%] Timing analysis completed
Placement and routing completed
Bitstream generation in progress......
Bitstream generation completed
Running power analysis......
[100%] Power analysis completed
Generate file "E:\FPGA_PD\impl\pnr\pendulum_fpga.power.html" completed
Generate file "E:\FPGA_PD\impl\pnr\pendulum_fpga.pin.html" completed
Generate file "E:\FPGA_PD\impl\pnr\pendulum_fpga.rpt.html" completed
Generate file "E:\FPGA_PD\impl\pnr\pendulum_fpga.rpt.txt" completed
Generate file "E:\FPGA_PD\impl\pnr\pendulum_fpga.tr.html" completed
Sun Oct 11 09:23:53 2026

